	Command being timed: "python3 tools/verify_android_image_input.py --production --output verification/android-image-decode/production"
	User time (seconds): 36.80
	System time (seconds): 3.45
	Percent of CPU this job got: 101%
	Elapsed (wall clock) time (h:mm:ss or m:ss): 0:39.83
	Average shared text size (kbytes): 0
	Average unshared data size (kbytes): 0
	Average stack size (kbytes): 0
	Average total size (kbytes): 0
	Maximum resident set size (kbytes): 2437316
	Average resident set size (kbytes): 0
	Major (requiring I/O) page faults: 0
	Minor (reclaiming a frame) page faults: 812525
	Voluntary context switches: 2427
	Involuntary context switches: 223
	Swaps: 0
	File system inputs: 0
	File system outputs: 35032
	Socket messages sent: 0
	Socket messages received: 0
	Signals delivered: 0
	Page size (bytes): 4096
	Exit status: 0
