
> Task :app:bundleWeb
Built browser preview and Android offline assets

> Task :app:preBuild
> Task :app:preUserDebugBuild
> Task :app:generateUserDebugBuildConfig UP-TO-DATE
> Task :app:javaPreCompileUserDebug UP-TO-DATE
> Task :app:checkUserDebugAarMetadata UP-TO-DATE
> Task :app:generateUserDebugResValues UP-TO-DATE
> Task :app:mapUserDebugSourceSetPaths UP-TO-DATE
> Task :app:generateUserDebugResources UP-TO-DATE
> Task :app:mergeUserDebugResources UP-TO-DATE
> Task :app:packageUserDebugResources UP-TO-DATE
> Task :app:parseUserDebugLocalResources UP-TO-DATE
> Task :app:createUserDebugCompatibleScreenManifests UP-TO-DATE
> Task :app:extractDeepLinksUserDebug UP-TO-DATE
> Task :app:processUserDebugMainManifest UP-TO-DATE
> Task :app:processUserDebugManifest UP-TO-DATE
> Task :app:processUserDebugManifestForPackage UP-TO-DATE
> Task :app:processUserDebugResources UP-TO-DATE

> Task :app:compileUserDebugJavaWithJavac
Note: /home/dr/project/android_ocr/app/src/main/java/cn/local/ocr/MainActivity.java uses or overrides a deprecated API.
Note: Recompile with -Xlint:deprecation for details.

> Task :app:bundleUserDebugClassesToRuntimeJar
> Task :app:preUserDebugUnitTestBuild
> Task :app:javaPreCompileUserDebugUnitTest UP-TO-DATE
> Task :app:processUserDebugJavaRes NO-SOURCE
> Task :app:bundleUserDebugClassesToCompileJar
> Task :app:processUserDebugUnitTestJavaRes UP-TO-DATE
> Task :app:compileUserDebugUnitTestJavaWithJavac
> Task :app:testUserDebugUnitTest
[Incubating] Problems report is available at: file:///home/dr/project/android_ocr/build/reports/problems/problems-report.html

BUILD SUCCESSFUL in 2s
23 actionable tasks: 6 executed, 17 up-to-date
