	Command being timed: "build/linux-current/dococr_cli --config configs/printed-page.example.json --input /home/dr/project/android_ocr/verification/real-ocr/source.png --out /home/dr/project/android_ocr/verification/real-ocr/output"
	User time (seconds): 26.40
	System time (seconds): 9.07
	Percent of CPU this job got: 71%
	Elapsed (wall clock) time (h:mm:ss or m:ss): 0:49.29
	Average shared text size (kbytes): 0
	Average unshared data size (kbytes): 0
	Average stack size (kbytes): 0
	Average total size (kbytes): 0
	Maximum resident set size (kbytes): 2390284
	Average resident set size (kbytes): 0
	Major (requiring I/O) page faults: 21
	Minor (reclaiming a frame) page faults: 718516
	Voluntary context switches: 300
	Involuntary context switches: 492
	Swaps: 0
	File system inputs: 1182136
	File system outputs: 16784
	Socket messages sent: 0
	Socket messages received: 0
	Signals delivered: 0
	Page size (bytes): 4096
	Exit status: 0
