To honour the JVM settings for this build a single-use Daemon process will be forked. For more on this, please refer to https://docs.gradle.org/8.11.1/userguide/gradle_daemon.html#sec:disabling_the_daemon in the Gradle documentation.
Daemon will be stopped at the end of the build 
> Task :app:bundleWeb UP-TO-DATE
> Task :app:preBuild UP-TO-DATE
> Task :app:preUserDebugBuild UP-TO-DATE
> Task :app:generateUserDebugBuildConfig UP-TO-DATE
> Task :app:javaPreCompileUserDebug UP-TO-DATE
> Task :app:checkUserDebugAarMetadata UP-TO-DATE
> Task :app:generateUserDebugResValues UP-TO-DATE
> Task :app:mapUserDebugSourceSetPaths UP-TO-DATE
> Task :app:generateUserDebugResources UP-TO-DATE
> Task :app:mergeUserDebugResources UP-TO-DATE
> Task :app:packageUserDebugResources UP-TO-DATE
> Task :app:parseUserDebugLocalResources UP-TO-DATE
> Task :app:createUserDebugCompatibleScreenManifests UP-TO-DATE
> Task :app:extractDeepLinksUserDebug UP-TO-DATE
> Task :app:processUserDebugMainManifest UP-TO-DATE
> Task :app:processUserDebugManifest UP-TO-DATE
> Task :app:processUserDebugManifestForPackage UP-TO-DATE
> Task :app:processUserDebugResources UP-TO-DATE
> Task :app:compileUserDebugJavaWithJavac UP-TO-DATE
> Task :app:bundleUserDebugClassesToRuntimeJar UP-TO-DATE
> Task :app:bundleUserDebugClassesToCompileJar UP-TO-DATE
> Task :app:preUserDebugUnitTestBuild UP-TO-DATE
> Task :app:javaPreCompileUserDebugUnitTest UP-TO-DATE
> Task :app:compileUserDebugUnitTestJavaWithJavac
> Task :app:processUserDebugJavaRes NO-SOURCE
> Task :app:processUserDebugUnitTestJavaRes UP-TO-DATE

> Task :app:testUserDebugUnitTest FAILED

ModelTransferTest > progressIsPublishedBeforeWaitingForNextNetworkChunk FAILED
    java.lang.AssertionError at ModelTransferTest.java:27

5 tests completed, 1 failed

FAILURE: Build failed with an exception.

* What went wrong:
Execution failed for task ':app:testUserDebugUnitTest'.
> There were failing tests. See the report at: file:///home/dr/project/android_ocr/app/build/reports/tests/testUserDebugUnitTest/index.html

* Try:
> Run with --scan to get full insights.

BUILD FAILED in 21s
23 actionable tasks: 2 executed, 21 up-to-date
