Starting a Gradle Daemon (subsequent builds will be faster)
> Task :app:bundleWeb UP-TO-DATE
> Task :app:preBuild UP-TO-DATE
> Task :app:preUserDebugBuild UP-TO-DATE
> Task :app:mergeUserDebugNativeDebugMetadata NO-SOURCE
> Task :app:generateUserDebugBuildConfig
> Task :app:javaPreCompileUserDebug UP-TO-DATE
> Task :app:checkUserDebugAarMetadata UP-TO-DATE
> Task :app:generateUserDebugResValues UP-TO-DATE
> Task :app:mapUserDebugSourceSetPaths UP-TO-DATE
> Task :app:generateUserDebugResources UP-TO-DATE
> Task :app:mergeUserDebugResources UP-TO-DATE
> Task :app:packageUserDebugResources UP-TO-DATE
> Task :app:parseUserDebugLocalResources UP-TO-DATE
> Task :app:createUserDebugCompatibleScreenManifests
> Task :app:extractDeepLinksUserDebug UP-TO-DATE
> Task :app:processUserDebugMainManifest
> Task :app:processUserDebugManifest
> Task :app:mergeUserDebugShaders UP-TO-DATE
> Task :app:compileUserDebugShaders NO-SOURCE
> Task :app:processUserDebugManifestForPackage
> Task :app:generateUserDebugAssets UP-TO-DATE
> Task :app:mergeUserDebugAssets UP-TO-DATE
> Task :app:compressUserDebugAssets UP-TO-DATE
> Task :app:checkUserDebugDuplicateClasses UP-TO-DATE
> Task :app:desugarUserDebugFileDependencies UP-TO-DATE
> Task :app:mergeExtDexUserDebug UP-TO-DATE
> Task :app:mergeLibDexUserDebug UP-TO-DATE
> Task :app:processUserDebugJavaRes NO-SOURCE
> Task :app:mergeUserDebugJavaResource UP-TO-DATE
> Task :app:preLabReleaseBuild UP-TO-DATE
> Task :app:processUserDebugResources

> Task :app:configureCMakeRelease[arm64-v8a]
C/C++: CMake Deprecation Warning at /home/dr/project/android_ocr/native/MNN/CMakeLists.txt:1 (cmake_minimum_required):
C/C++:   Compatibility with CMake < 3.10 will be removed from a future version of
C/C++:   CMake.
C/C++:   Update the VERSION argument <min> value.  Or, use the <min>...<max> syntax
C/C++:   to tell CMake that the project requires at least <min> but has been updated
C/C++:   to work with policies introduced by <max> or earlier.

> Task :app:compileUserDebugJavaWithJavac
Note: /home/dr/project/android_ocr/app/src/main/java/cn/local/ocr/MainActivity.java uses or overrides a deprecated API.
Note: Recompile with -Xlint:deprecation for details.

> Task :app:dexBuilderUserDebug
> Task :app:mergeUserDebugGlobalSynthetics UP-TO-DATE
> Task :app:mergeProjectDexUserDebug

> Task :app:buildCMakeRelease[arm64-v8a][dococr_jni]
C/C++: ninja: Entering directory `/home/dr/project/android_ocr/app/.cxx/Release/3n4zk5l2/arm64-v8a'
C/C++: /home/dr/project/android_ocr/native/MNN/source/core/Pipeline.cpp:954:51: warning: format specifies type 'int' but the argument has type 'size_t' (aka 'unsigned long') [-Wformat]
C/C++:   954 |     MNN_PRINT("Fix: %d - Total: %d, rate = %f\n", fixNumber, totalNumber, (float)fixNumber / (float)totalNumber);
C/C++:       |                     ~~                            ^~~~~~~~~
C/C++:       |                     %zu
C/C++: /home/dr/project/android_ocr/native/MNN/include/MNN/MNNDefine.h:30:90: note: expanded from macro 'MNN_PRINT'
C/C++:    30 | #define MNN_PRINT(format, ...) __android_log_print(ANDROID_LOG_INFO, "MNNJNI", format, ##__VA_ARGS__)
C/C++:       |                                                                                ~~~~~~    ^~~~~~~~~~~
C/C++: /home/dr/project/android_ocr/native/MNN/source/core/Pipeline.cpp:954:62: warning: format specifies type 'int' but the argument has type 'size_t' (aka 'unsigned long') [-Wformat]
C/C++:   954 |     MNN_PRINT("Fix: %d - Total: %d, rate = %f\n", fixNumber, totalNumber, (float)fixNumber / (float)totalNumber);
C/C++:       |                                 ~~                           ^~~~~~~~~~~
C/C++:       |                                 %zu
C/C++: /home/dr/project/android_ocr/native/MNN/include/MNN/MNNDefine.h:30:90: note: expanded from macro 'MNN_PRINT'
C/C++:    30 | #define MNN_PRINT(format, ...) __android_log_print(ANDROID_LOG_INFO, "MNNJNI", format, ##__VA_ARGS__)
C/C++:       |                                                                                ~~~~~~    ^~~~~~~~~~~
C/C++: 2 warnings generated.
C/C++: /home/dr/project/android_ocr/native/MNN/source/backend/cpu/CPUDequantize.cpp:109:81: warning: implicit conversion from 'type' (aka 'int') to 'float' changes value from 2147483647 to 2147483648 [-Wimplicit-const-int-float-conversion]
C/C++:   109 |                 : std::max(minRange / std::numeric_limits<T>::min(), maxRange / std::numeric_limits<T>::max());
C/C++:       |                                                                               ~ ^~~~~~~~~~~~~~~~~~~~~~~~~~~~~
C/C++: /home/dr/project/android_ocr/native/MNN/source/backend/cpu/CPUDequantize.cpp:33:19: note: in instantiation of member function 'MNN::CPUDequantize<int>::onExecute' requested here
C/C++:    33 | CPUDequantize<T>::CPUDequantize(Backend* backend, QuantizeMode mode, const Op* op) :  Execution(backend), mMode(mode) {
C/C++:       |                   ^
C/C++: /home/dr/project/android_ocr/native/MNN/source/backend/cpu/CPUDequantize.cpp:132:28: note: in instantiation of member function 'MNN::CPUDequantize<int>::CPUDequantize' requested here
C/C++:   132 |                 return new CPUDequantize<int32_t>(backend, dequantize->mode(), op);
C/C++:       |                            ^
C/C++: 1 warning generated.
C/C++: /home/dr/project/android_ocr/native/MNN/source/backend/cpu/CPURuntime.cpp:1152:9: warning: array designators are a C99 extension [-Wc99-designator]
C/C++:  1152 |         [cpuinfo_android_chipset_property_proc_cpuinfo_hardware] =
C/C++:       |         ^~~~~~~~~~~~~~~~~~~~~~~~~~~~~~~~~~~~~~~~~~~~~~~~~~~~~~~~
C/C++: 1 warning generated.
C/C++: /home/dr/project/android_ocr/app/.cxx/Release/3n4zk5l2/arm64-v8a/android-engine/layout_mnn_backend.cpp:17:17: warning: 'const' qualifier on reference type 'TensorMap' (aka 'const map<basic_string<char>, MNN::Tensor *> &') has no effect [-Wignored-reference-qualifiers]
C/C++:    17 | bool shape_type(const TensorMap& tensors, const std::string& name,
C/C++:       |                 ^~~~~
C/C++: 1 warning generated.

> Task :app:mergeUserDebugJniLibFolders UP-TO-DATE
> Task :app:validateSigningUserDebug UP-TO-DATE
> Task :app:writeUserDebugAppMetadata UP-TO-DATE
> Task :app:writeUserDebugSigningConfigVersions UP-TO-DATE
> Task :app:preLabDebugBuild UP-TO-DATE
> Task :app:mergeLabDebugNativeDebugMetadata NO-SOURCE
> Task :app:generateLabDebugBuildConfig
> Task :app:javaPreCompileLabDebug UP-TO-DATE
> Task :app:checkLabDebugAarMetadata UP-TO-DATE
> Task :app:generateLabDebugResValues UP-TO-DATE
> Task :app:mapLabDebugSourceSetPaths UP-TO-DATE
> Task :app:generateLabDebugResources UP-TO-DATE
> Task :app:mergeLabDebugResources UP-TO-DATE
> Task :app:packageLabDebugResources UP-TO-DATE
> Task :app:mergeUserDebugNativeLibs
> Task :app:parseLabDebugLocalResources UP-TO-DATE
> Task :app:createLabDebugCompatibleScreenManifests
> Task :app:extractDeepLinksLabDebug UP-TO-DATE
> Task :app:processLabDebugMainManifest
> Task :app:processLabDebugManifest
> Task :app:processLabDebugManifestForPackage
> Task :app:stripUserDebugDebugSymbols
> Task :app:processLabDebugResources

> Task :app:compileLabDebugJavaWithJavac
Note: /home/dr/project/android_ocr/app/src/main/java/cn/local/ocr/MainActivity.java uses or overrides a deprecated API.
Note: Recompile with -Xlint:deprecation for details.

> Task :app:mergeLabDebugShaders UP-TO-DATE
> Task :app:compileLabDebugShaders NO-SOURCE
> Task :app:generateLabDebugAssets UP-TO-DATE
> Task :app:mergeLabDebugAssets UP-TO-DATE
> Task :app:compressLabDebugAssets UP-TO-DATE
> Task :app:checkLabDebugDuplicateClasses UP-TO-DATE
> Task :app:desugarLabDebugFileDependencies UP-TO-DATE
> Task :app:mergeExtDexLabDebug UP-TO-DATE
> Task :app:dexBuilderLabDebug
> Task :app:mergeLabDebugGlobalSynthetics UP-TO-DATE
> Task :app:processLabDebugJavaRes NO-SOURCE
> Task :app:mergeLabDebugJavaResource UP-TO-DATE
> Task :app:mergeLibDexLabDebug UP-TO-DATE
> Task :app:packageUserDebug
> Task :app:createUserDebugApkListingFileRedirect
> Task :app:assembleUserDebug
> Task :app:mergeLabDebugJniLibFolders UP-TO-DATE
> Task :app:mergeProjectDexLabDebug
> Task :app:validateSigningLabDebug UP-TO-DATE
> Task :app:writeLabDebugAppMetadata UP-TO-DATE
> Task :app:writeLabDebugSigningConfigVersions UP-TO-DATE
> Task :app:bundleUserDebugClassesToRuntimeJar
> Task :app:bundleUserDebugClassesToCompileJar
> Task :app:preUserDebugUnitTestBuild UP-TO-DATE
> Task :app:mergeLabDebugNativeLibs
> Task :app:javaPreCompileUserDebugUnitTest UP-TO-DATE
> Task :app:stripLabDebugDebugSymbols
> Task :app:compileUserDebugUnitTestJavaWithJavac
> Task :app:processUserDebugUnitTestJavaRes UP-TO-DATE
> Task :app:testUserDebugUnitTest
> Task :app:packageLabDebug
> Task :app:createLabDebugApkListingFileRedirect
> Task :app:assembleLabDebug
> Task :app:bundleLabDebugClassesToRuntimeJar
> Task :app:preLabDebugUnitTestBuild UP-TO-DATE
> Task :app:bundleLabDebugClassesToCompileJar
> Task :app:javaPreCompileLabDebugUnitTest UP-TO-DATE
> Task :app:compileLabDebugUnitTestJavaWithJavac
> Task :app:processLabDebugUnitTestJavaRes UP-TO-DATE
> Task :app:testLabDebugUnitTest
> Task :app:preUserDebugAndroidTestBuild SKIPPED
> Task :app:generateUserDebugAndroidTestResValues UP-TO-DATE
> Task :app:generateUserDebugAndroidTestLintModel
> Task :app:extractProguardFiles UP-TO-DATE
> Task :app:generateUserDebugLintReportModel
> Task :app:generateUserDebugUnitTestLintModel
> Task :app:lintAnalyzeUserDebugAndroidTest
> Task :app:lintAnalyzeUserDebugUnitTest
> Task :app:preLabDebugAndroidTestBuild SKIPPED
> Task :app:generateLabDebugAndroidTestResValues UP-TO-DATE
> Task :app:generateLabDebugAndroidTestLintModel
> Task :app:generateLabDebugLintReportModel
> Task :app:generateLabDebugUnitTestLintModel
> Task :app:lintAnalyzeUserDebug
> Task :app:lintAnalyzeLabDebug

> Task :app:lintReportUserDebug
Wrote HTML report to file:///home/dr/project/android_ocr/app/build/reports/lint-results-userDebug.html

> Task :app:lintUserDebug
> Task :app:lintAnalyzeLabDebugAndroidTest
> Task :app:lintAnalyzeLabDebugUnitTest

> Task :app:lintReportLabDebug
Wrote HTML report to file:///home/dr/project/android_ocr/app/build/reports/lint-results-labDebug.html

> Task :app:lintLabDebug
[Incubating] Problems report is available at: file:///home/dr/project/android_ocr/build/reports/problems/problems-report.html

BUILD SUCCESSFUL in 2m 28s
104 actionable tasks: 52 executed, 52 up-to-date
