
> Task :app:bundleWeb
Built browser preview and Android offline assets

> Task :app:preBuild
> Task :app:preUserDebugBuild
> Task :app:generateUserDebugBuildConfig UP-TO-DATE
> Task :app:javaPreCompileUserDebug UP-TO-DATE
> Task :app:checkUserDebugAarMetadata UP-TO-DATE
> Task :app:generateUserDebugResValues UP-TO-DATE
> Task :app:mapUserDebugSourceSetPaths UP-TO-DATE
> Task :app:generateUserDebugResources UP-TO-DATE
> Task :app:mergeUserDebugResources UP-TO-DATE
> Task :app:packageUserDebugResources UP-TO-DATE
> Task :app:parseUserDebugLocalResources UP-TO-DATE
> Task :app:createUserDebugCompatibleScreenManifests UP-TO-DATE
> Task :app:extractDeepLinksUserDebug UP-TO-DATE
> Task :app:processUserDebugMainManifest UP-TO-DATE
> Task :app:processUserDebugManifest UP-TO-DATE
> Task :app:processUserDebugManifestForPackage UP-TO-DATE
> Task :app:processUserDebugResources UP-TO-DATE
> Task :app:compileUserDebugJavaWithJavac UP-TO-DATE
> Task :app:bundleUserDebugClassesToRuntimeJar UP-TO-DATE
> Task :app:bundleUserDebugClassesToCompileJar UP-TO-DATE
> Task :app:preUserDebugUnitTestBuild
> Task :app:javaPreCompileUserDebugUnitTest UP-TO-DATE
> Task :app:compileUserDebugUnitTestJavaWithJavac UP-TO-DATE
> Task :app:processUserDebugJavaRes NO-SOURCE
> Task :app:processUserDebugUnitTestJavaRes UP-TO-DATE
> Task :app:testUserDebugUnitTest UP-TO-DATE
> Task :app:preLabDebugBuild
> Task :app:generateLabDebugBuildConfig UP-TO-DATE
> Task :app:javaPreCompileLabDebug UP-TO-DATE
> Task :app:checkLabDebugAarMetadata UP-TO-DATE
> Task :app:generateLabDebugResValues UP-TO-DATE
> Task :app:mapLabDebugSourceSetPaths UP-TO-DATE
> Task :app:generateLabDebugResources UP-TO-DATE
> Task :app:mergeLabDebugResources UP-TO-DATE
> Task :app:packageLabDebugResources UP-TO-DATE
> Task :app:parseLabDebugLocalResources UP-TO-DATE
> Task :app:createLabDebugCompatibleScreenManifests UP-TO-DATE
> Task :app:extractDeepLinksLabDebug UP-TO-DATE
> Task :app:processLabDebugMainManifest UP-TO-DATE
> Task :app:processLabDebugManifest UP-TO-DATE
> Task :app:processLabDebugManifestForPackage UP-TO-DATE
> Task :app:processLabDebugResources UP-TO-DATE
> Task :app:compileLabDebugJavaWithJavac UP-TO-DATE
> Task :app:bundleLabDebugClassesToRuntimeJar UP-TO-DATE
> Task :app:bundleLabDebugClassesToCompileJar UP-TO-DATE
> Task :app:preLabDebugUnitTestBuild
> Task :app:javaPreCompileLabDebugUnitTest UP-TO-DATE
> Task :app:compileLabDebugUnitTestJavaWithJavac UP-TO-DATE
> Task :app:processLabDebugJavaRes NO-SOURCE
> Task :app:processLabDebugUnitTestJavaRes UP-TO-DATE
> Task :app:testLabDebugUnitTest UP-TO-DATE
> Task :app:mergeUserDebugNativeDebugMetadata NO-SOURCE
> Task :app:mergeUserDebugShaders UP-TO-DATE
> Task :app:compileUserDebugShaders NO-SOURCE
> Task :app:generateUserDebugAssets UP-TO-DATE
> Task :app:mergeUserDebugAssets
> Task :app:checkUserDebugDuplicateClasses UP-TO-DATE
> Task :app:desugarUserDebugFileDependencies UP-TO-DATE
> Task :app:mergeExtDexUserDebug UP-TO-DATE
> Task :app:mergeLibDexUserDebug UP-TO-DATE
> Task :app:dexBuilderUserDebug UP-TO-DATE
> Task :app:mergeProjectDexUserDebug UP-TO-DATE
> Task :app:compressUserDebugAssets
> Task :app:mergeUserDebugGlobalSynthetics UP-TO-DATE
> Task :app:mergeUserDebugJavaResource UP-TO-DATE
> Task :app:configureCMakeDebug[arm64-v8a]
> Task :app:buildCMakeDebug[arm64-v8a][dococr_jni]
> Task :app:mergeUserDebugJniLibFolders UP-TO-DATE
> Task :app:mergeUserDebugNativeLibs UP-TO-DATE
> Task :app:stripUserDebugDebugSymbols UP-TO-DATE
> Task :app:validateSigningUserDebug UP-TO-DATE
> Task :app:writeUserDebugAppMetadata UP-TO-DATE
> Task :app:writeUserDebugSigningConfigVersions UP-TO-DATE
> Task :app:mergeLabDebugNativeDebugMetadata NO-SOURCE
> Task :app:mergeLabDebugShaders UP-TO-DATE
> Task :app:compileLabDebugShaders NO-SOURCE
> Task :app:generateLabDebugAssets UP-TO-DATE
> Task :app:mergeLabDebugAssets
> Task :app:compressLabDebugAssets
> Task :app:checkLabDebugDuplicateClasses UP-TO-DATE
> Task :app:desugarLabDebugFileDependencies UP-TO-DATE
> Task :app:mergeExtDexLabDebug UP-TO-DATE
> Task :app:dexBuilderLabDebug UP-TO-DATE
> Task :app:mergeLabDebugGlobalSynthetics UP-TO-DATE
> Task :app:mergeLabDebugJavaResource UP-TO-DATE
> Task :app:mergeLibDexLabDebug UP-TO-DATE
> Task :app:mergeProjectDexLabDebug UP-TO-DATE
> Task :app:mergeLabDebugJniLibFolders UP-TO-DATE
> Task :app:mergeLabDebugNativeLibs UP-TO-DATE
> Task :app:stripLabDebugDebugSymbols UP-TO-DATE
> Task :app:validateSigningLabDebug UP-TO-DATE
> Task :app:writeLabDebugAppMetadata UP-TO-DATE
> Task :app:writeLabDebugSigningConfigVersions UP-TO-DATE
> Task :app:packageUserDebug
> Task :app:packageLabDebug
> Task :app:createUserDebugApkListingFileRedirect UP-TO-DATE
> Task :app:assembleUserDebug
> Task :app:createLabDebugApkListingFileRedirect UP-TO-DATE
> Task :app:assembleLabDebug
> Task :app:preUserDebugAndroidTestBuild SKIPPED
> Task :app:generateUserDebugAndroidTestResValues UP-TO-DATE
> Task :app:generateUserDebugAndroidTestLintModel UP-TO-DATE
> Task :app:extractProguardFiles UP-TO-DATE
> Task :app:generateUserDebugLintReportModel
> Task :app:generateUserDebugUnitTestLintModel UP-TO-DATE
> Task :app:lintAnalyzeUserDebugAndroidTest UP-TO-DATE
> Task :app:lintAnalyzeUserDebugUnitTest UP-TO-DATE
> Task :app:preLabDebugAndroidTestBuild SKIPPED
> Task :app:generateLabDebugAndroidTestResValues UP-TO-DATE
> Task :app:generateLabDebugAndroidTestLintModel UP-TO-DATE
> Task :app:generateLabDebugLintReportModel
> Task :app:generateLabDebugUnitTestLintModel UP-TO-DATE
> Task :app:lintAnalyzeUserDebug
> Task :app:lintReportUserDebug UP-TO-DATE
> Task :app:lintUserDebug
> Task :app:lintAnalyzeLabDebugAndroidTest UP-TO-DATE
> Task :app:lintAnalyzeLabDebugUnitTest UP-TO-DATE
> Task :app:lintAnalyzeLabDebug
> Task :app:lintReportLabDebug UP-TO-DATE
> Task :app:lintLabDebug

BUILD SUCCESSFUL in 2s
104 actionable tasks: 15 executed, 89 up-to-date
