PASS 图片分辨率默认均衡，快速与原图设置刷新后保留，窄屏不溢出
PASS 自定义仓库链接添加、刷新后保留、移除入口
PASS 拒绝非 ModelScope 链接并在下载页显示错误
PASS 分辨率选择通过 AndroidHost 发送设置请求（桥模拟）
PASS 选择 GLM-OCR 发送模型切换请求并显示独立仓库（桥模拟）
PASS 浏览文件、筛选和选择下载，未选文件不会提交
PASS 未写入任务快照的新字节数也能实时显示
PASS 慢清单不阻塞进度刷新，等待连接有明确提示，暂停可用
PASS 手机宽度不溢出，无页面异常
PASS 推理线程选择发送真实请求，识别占用时禁止切换（桥模拟）
PASS [
  '终态之前显示模型正文，禁止校对与导出',
  '保留区域 DOM，重试替换正文，表格即时显示，隔离旧作业',
  '真实识别结束直接显示全部保存结果，不自动模拟流式回放',
  '真实模型返回前采集的流快照可直接渲染（浏览器重放，非设备桥实测）'
]
PASS 启动回复迟到时，切换文档后保持当前页面，原作业可从历史重开
PASS 启动等待期间禁用重复提交，返回首页后迟到回复不重新打开文档
PASS 旧文档启动失败的迟到回复不会在新文档显示错误
PASS 切换文档后忽略旧取消请求的失败回复
PASS 重开同一文档后，旧启动回复不能覆盖已恢复的新进度
PASS 当前文档启动失败仍显示错误，保留输入并允许再次重试
PASS 同页迟到的启动快照不能覆盖较新进度和取消中状态
PASS 不同文档都有未返回的启动请求时，重开仍禁用各自的重复提交
PASS [
  '拍照后先调整和预览；确认前未启动识别；四角键盘/指针调整坐标正确',
  '整框移动保持形状；取消不识别；未确认照片可从历史继续裁剪',
  '检测失败回退全图；横屏预览与确认可用；确认使用最新预览令牌',
  '重新拍照返回相机且不误确认或启动识别'
]
