PASS 启动回复迟到时，切换文档后保持当前页面，原作业可从历史重开
PASS 启动等待期间禁用重复提交，返回首页后迟到回复不重新打开文档
PASS 旧文档启动失败的迟到回复不会在新文档显示错误
PASS 切换文档后忽略旧取消请求的失败回复
PASS 重开同一文档后，旧启动回复不能覆盖已恢复的新进度
PASS 当前文档启动失败仍显示错误，保留输入并允许再次重试
node:internal/modules/run_main:123
    triggerUncaughtException(
    ^

locator.isDisabled: Timeout 1000ms exceeded.
Call log:
[2m  - waiting for getByRole('button', { name: '取消中', exact: true })[22m

    at /home/dr/project/android_ocr/web/verify-recognition-navigation.mjs:137:65
    at async check (/home/dr/project/android_ocr/web/verify-recognition-navigation.mjs:41:31)
    at async file:///home/dr/project/android_ocr/web/verify-recognition-navigation.mjs:120:2 {
  log: [
    "  - waiting for getByRole('button', { name: '取消中', exact: true })"
  ],
  name: 'TimeoutError'
}

Node.js v22.23.2
